// Jest Snapshot v1, https://goo.gl/fbAQLP

exports[`AutoLogoutModal should render with loading props 1`] = `
<AutoLogoutModalComponent
  autoLogoutTimeInSeconds={11}
  bridge={
    {
      "on": [Function],
      "onResult": [Function],
      "reject": [Function],
      "remove": [Function],
      "resolve": [Function],
    }
  }
  theme={
    {
      "addButtonFont": "NunitoSans-Bold",
      "backgroundGradientColors": [
        "#1C2E4F",
        "#204A70",
      ],
      "backgroundGradientEnd": {
        "x": 1,
        "y": 0,
      },
      "backgroundGradientStart": {
        "x": 0,
        "y": 0,
      },
      "backgroundImage": undefined,
      "backgroundImageServerUrls": [
        "https://content.edge.app/coinhub",
      ],
      "backgroundLoadingOverlay": "rgba(123,123,123,.2)",
      "buttonBorderRadiusRem": 0.25,
      "buySellCustomPluginModalIcon": "#0D2145",
      "cameraOverlayColor": "#000000",
      "cameraOverlayOpEnd": 0.3,
      "cameraOverlayOpStart": 0.7,
      "cardBorder": 1,
      "cardBorderColor": "rgba(255, 255, 255, .1)",
      "cardBorderRadius": 4,
      "clipboardPopupText": "#000000",
      "confirmationSlider": "rgba(255, 255, 255, .05)",
      "confirmationSliderArrow": "#1C2E4F",
      "confirmationSliderText": "#FFFFFF",
      "confirmationSliderTextDeactivated": "#87939E",
      "confirmationSliderThumb": "#26a9e1",
      "confirmationSliderThumbWidth": 55,
      "confirmationSliderWidth": 295,
      "confirmationThumbDeactivated": "#87939E",
      "dangerIcon": "#E85466",
      "dangerText": "#E85466",
      "dateModalBackgroundDark": "#1C2E4F",
      "dateModalBackgroundLight": "#FFFFFF",
      "dateModalTextDark": "#FFFFFF",
      "dateModalTextLight": "#0073D9",
      "deactivatedText": "#87939E",
      "defaultBorderColor": "#FFFFFF",
      "dividerLineColors": [
        "#e27226",
        "#e27226",
      ],
      "dividerLineHeight": 1,
      "dropdownError": "#E85466",
      "dropdownText": "#FFFFFF",
      "dropdownWarning": "#F1AA19",
      "emphasizedText": "#e27226",
      "escapeButton": [
        "rgba(255, 255, 255, 0)",
        "rgba(255, 255, 255, 0)",
      ],
      "escapeButtonColorEnd": {
        "x": 1,
        "y": 1,
      },
      "escapeButtonColorStart": {
        "x": 0,
        "y": 0,
      },
      "escapeButtonFont": "NunitoSans-Regular",
      "escapeButtonFontSizeRem": 1,
      "escapeButtonOutline": "rgba(255, 255, 255, 0)",
      "escapeButtonOutlineWidth": 0,
      "escapeButtonShadow": {
        "elevation": 0,
        "shadowColor": "#000000",
        "shadowOffset": {
          "height": 0,
          "width": 0,
        },
        "shadowOpacity": 0,
        "shadowRadius": 0,
      },
      "escapeButtonText": "#e27226",
      "escapeButtonTextShadow": {
        "textShadowColor": "#000000",
        "textShadowOffset": {
          "height": 0,
          "width": 0,
        },
        "textShadowRadius": 0,
      },
      "fadeDisable": "#87939E",
      "fioAddressLogo": {
        "testUri": "../../../src/assets/images/details_fioAddress.png",
      },
      "flipInputBorder": "#A5D4FF",
      "fontFaceBold": "NunitoSans-Bold",
      "fontFaceDefault": "NunitoSans-Regular",
      "fontFaceMedium": "NunitoSans-Bold",
      "fontFaceSymbols": "NunitoSans-Regular",
      "guiPluginLogoMoonpay": {
        "testUri": "../../../src/assets/images/guiPlugins/guiPluginLogoMoonpayDark.png",
      },
      "headerIcon": {
        "testUri": "../../../src/assets/images/coinhubLogo/Coin_logo_L.png",
      },
      "icon": "#FFFFFF",
      "iconDeactivated": "rgba(255, 255, 255, .75)",
      "iconLoadingOverlay": "rgba(255, 255, 255, .75)",
      "iconServerBaseUri": "https://content.edge.app",
      "iconTappable": "#e27226",
      "inputAccessoryBackground": "#FFFFFF",
      "inputAccessoryText": "#0073D9",
      "isDark": true,
      "keypadButton": [
        "rgba(255, 255, 255, 0)",
        "rgba(255, 255, 255, 0)",
      ],
      "keypadButtonBorderRadiusRem": 1,
      "keypadButtonColorEnd": {
        "x": 1,
        "y": 1,
      },
      "keypadButtonColorStart": {
        "x": 0,
        "y": 0,
      },
      "keypadButtonFont": "NunitoSans-Bold",
      "keypadButtonFontSizeRem": 1,
      "keypadButtonOutline": "#e27226",
      "keypadButtonOutlineWidth": 1,
      "keypadButtonShadow": {
        "elevation": 0,
        "shadowColor": "#000000",
        "shadowOffset": {
          "height": 0,
          "width": 0,
        },
        "shadowOpacity": 0,
        "shadowRadius": 0,
      },
      "keypadButtonText": "#e27226",
      "keypadButtonTextShadow": {
        "textShadowColor": "#000000",
        "textShadowOffset": {
          "height": 0,
          "width": 0,
        },
        "textShadowRadius": 0,
      },
      "lineDivider": "#e2722640",
      "listSectionHeaderBackgroundGradientColors": [
        "#1C2E4F",
        "#204A70",
      ],
      "listSectionHeaderBackgroundGradientEnd": {
        "x": 1,
        "y": 0,
      },
      "listSectionHeaderBackgroundGradientStart": {
        "x": 0,
        "y": 0,
      },
      "mediumLineWidth": 2,
      "modal": "#0D2145",
      "modalBorderColor": "rgba(255, 255, 255, 0)",
      "modalBorderRadiusRem": 1,
      "modalBorderWidth": 0,
      "modalCloseIcon": "#e27226",
      "negativeText": "#E85466",
      "outlineTextInputBorderColor": "#A5D4FF",
      "outlineTextInputBorderColorDisabled": "#87939E",
      "outlineTextInputBorderColorFocused": "#e27226",
      "outlineTextInputBorderWidth": 1,
      "outlineTextInputColor": "rgba(255, 255, 255, 0)",
      "outlineTextInputLabelColor": "#A5D4FF",
      "outlineTextInputLabelColorDisabled": "#87939E",
      "outlineTextInputLabelColorFocused": "#e27226",
      "outlineTextInputTextColor": "#FFFFFF",
      "paymentTypeLogoApplePay": {
        "testUri": "../../../src/assets/images/paymentTypes/paymentTypeLogoApplePay.png",
      },
      "paymentTypeLogoAuspost": {
        "testUri": "../../../src/assets/images/paymentTypes/paymentTypeLogoAuspost.png",
      },
      "paymentTypeLogoBankTransfer": {
        "testUri": "../../../src/assets/images/paymentTypes/paymentTypeLogoBankTransfer.png",
      },
      "paymentTypeLogoCash": {
        "testUri": "../../../src/assets/images/paymentTypes/paymentTypeLogoCash.png",
      },
      "paymentTypeLogoCreditCard": {
        "testUri": "../../../src/assets/images/paymentTypes/paymentTypeLogoCreditCard.png",
      },
      "paymentTypeLogoDebitCard": {
        "testUri": "../../../src/assets/images/paymentTypes/paymentTypeLogoDebitCard.png",
      },
      "paymentTypeLogoFasterPayments": {
        "testUri": "../../../src/assets/images/paymentTypes/paymentTypeLogoFasterPayments.png",
      },
      "paymentTypeLogoGiftCard": {
        "testUri": "../../../src/assets/images/paymentTypes/paymentTypeLogoGiftCard.png",
      },
      "paymentTypeLogoGooglePay": {
        "testUri": "../../../src/assets/images/paymentTypes/paymentTypeLogoGooglePay.png",
      },
      "paymentTypeLogoIdeal": {
        "testUri": "../../../src/assets/images/paymentTypes/paymentTypeLogoIdeal.png",
      },
      "paymentTypeLogoInterac": {
        "testUri": "../../../src/assets/images/paymentTypes/paymentTypeLogoInterac.png",
      },
      "paymentTypeLogoPayid": {
        "testUri": "../../../src/assets/images/paymentTypes/paymentTypeLogoPayid.png",
      },
      "paymentTypeLogoPaynow": {
        "testUri": "../../../src/assets/images/paymentTypes/paymentTypeLogoPaynow.png",
      },
      "paymentTypeLogoPoli": {
        "testUri": "../../../src/assets/images/paymentTypes/paymentTypeLogoPoli.png",
      },
      "paymentTypeLogoSofort": {
        "testUri": "../../../src/assets/images/paymentTypes/paymentTypeLogoSofort.png",
      },
      "paymentTypeLogoUpi": {
        "testUri": "../../../src/assets/images/paymentTypes/paymentTypeLogoUpi.png",
      },
      "paymentTypeVisa": {
        "testUri": "../../../src/assets/images/paymentTypes/paymentTypeVisa.png",
      },
      "pickerTextDark": "#FFFFFF",
      "pickerTextLight": "#000000",
      "pinUsernameButton": [
        "rgba(255, 255, 255, 0)",
        "rgba(255, 255, 255, 0)",
      ],
      "pinUsernameButtonBorderRadiusRem": 1,
      "pinUsernameButtonColorEnd": {
        "x": 1,
        "y": 1,
      },
      "pinUsernameButtonColorStart": {
        "x": 0,
        "y": 0,
      },
      "pinUsernameButtonFont": "NunitoSans-Regular",
      "pinUsernameButtonFontSizeRem": 1.5,
      "pinUsernameButtonOutline": "rgba(255, 255, 255, 0)",
      "pinUsernameButtonOutlineWidth": 0,
      "pinUsernameButtonShadow": {
        "elevation": 0,
        "shadowColor": "#000000",
        "shadowOffset": {
          "height": 0,
          "width": 0,
        },
        "shadowOpacity": 0,
        "shadowRadius": 0,
      },
      "pinUsernameButtonText": "#FFFFFF",
      "pinUsernameButtonTextShadow": {
        "textShadowColor": "#000000",
        "textShadowOffset": {
          "height": 0,
          "width": 0,
        },
        "textShadowRadius": 0,
      },
      "positiveText": "#77C513",
      "preferPrimaryButton": false,
      "primaryButton": [
        "#26a9e1",
        "#26a9e1",
      ],
      "primaryButtonColorEnd": {
        "x": 1,
        "y": 0,
      },
      "primaryButtonColorStart": {
        "x": 0,
        "y": 0,
      },
      "primaryButtonFont": "NunitoSans-Bold",
      "primaryButtonFontSizeRem": 1,
      "primaryButtonOutline": "rgba(255, 255, 255, 0)",
      "primaryButtonOutlineWidth": 1,
      "primaryButtonShadow": {
        "elevation": 0,
        "shadowColor": "#000000",
        "shadowOffset": {
          "height": 0,
          "width": 0,
        },
        "shadowOpacity": 0,
        "shadowRadius": 0,
      },
      "primaryButtonText": "#0D2145",
      "primaryButtonTextShadow": {
        "textShadowColor": "#000000",
        "textShadowOffset": {
          "height": 0,
          "width": 0,
        },
        "textShadowRadius": 0,
      },
      "primaryLogo": {
        "testUri": "../../../src/assets/images/coinhubLogo/Coin_logo_L.png",
      },
      "primaryText": "#FFFFFF",
      "qrBackgroundColor": "#FFFFFF",
      "qrForegroundColor": "#000000",
      "rem": [Function],
      "searchListRefreshControlIndicator": "rgba(255, 255, 255, 0)",
      "secondaryButton": [
        "rgba(255, 255, 255, 0)",
        "rgba(255, 255, 255, 0)",
      ],
      "secondaryButtonColorEnd": {
        "x": 1,
        "y": 1,
      },
      "secondaryButtonColorStart": {
        "x": 0,
        "y": 0,
      },
      "secondaryButtonFont": "NunitoSans-Regular",
      "secondaryButtonFontSizeRem": 1,
      "secondaryButtonOutline": "#e27226",
      "secondaryButtonOutlineWidth": 1.5,
      "secondaryButtonShadow": {
        "elevation": 0,
        "shadowColor": "#000000",
        "shadowOffset": {
          "height": 0,
          "width": 0,
        },
        "shadowOpacity": 0,
        "shadowRadius": 0,
      },
      "secondaryButtonText": "#e27226",
      "secondaryButtonTextShadow": {
        "textShadowColor": "#000000",
        "textShadowOffset": {
          "height": 0,
          "width": 0,
        },
        "textShadowRadius": 0,
      },
      "secondaryText": "#A5D4FF",
      "settingsRowBackground": "rgba(255, 255, 255, 0)",
      "settingsRowHeaderBackground": [
        "#1C2E4F",
        "#1C2E4F",
      ],
      "settingsRowHeaderBackgroundEnd": {
        "x": 1,
        "y": 1,
      },
      "settingsRowHeaderBackgroundStart": {
        "x": 0,
        "y": 0,
      },
      "settingsRowHeaderFont": "NunitoSans-Bold",
      "settingsRowHeaderFontSizeRem": 1,
      "settingsRowPressed": "rgba(255, 255, 255, 0)",
      "settingsRowSubHeader": "rgba(255, 255, 255, 0)",
      "shimmerBackgroundColor": "rgba(255, 255, 255, .05)",
      "shimmerBackgroundHighlight": "rgba(255, 255, 255, .1)",
      "sideMenuBorderColor": "rgba(255, 255, 255, 0)",
      "sideMenuBorderWidth": 0,
      "sideMenuColor": "#0D2145",
      "sideMenuFont": "NunitoSans-Bold",
      "sliderTabMore": "#0073D9",
      "sliderTabRequest": "#77C513",
      "sliderTabSend": "#E85466",
      "tabBarBackground": [
        "#1C2E4F",
        "#1C2E4F",
      ],
      "tabBarBackgroundEnd": {
        "x": 1,
        "y": 1,
      },
      "tabBarBackgroundStart": {
        "x": 0,
        "y": 0,
      },
      "tabBarIcon": "#FFFFFF",
      "tabBarIconHighlighted": "#e27226",
      "tabBarTopOutlineColors": [
        "#1C2E4F",
        "#1C2E4F",
      ],
      "textLink": "#e27226",
      "thickLineWidth": 3,
      "thinLineWidth": 1,
      "tileBackground": "rgba(255, 255, 255, 0)",
      "tileBackgroundMuted": "rgba(255, 255, 255, 0)",
      "titleLineDivider": "#e27226",
      "toggleButton": "#e27226",
      "toggleButtonOff": "#87939E",
      "transactionListIconBackground": "#0D2145",
      "tutorialModalUnderlay": "rgba(255, 255, 255, 0)",
      "underlayColor": "#FFFFFF",
      "underlayOpacity": 0.95,
      "walletListBackground": "rgba(255, 255, 255, 0)",
      "walletListMutedBackground": "rgba(255, 255, 255, 0)",
      "walletListSlideTutorialImage": {
        "testUri": "../../../src/assets/images/tutorials/walletList_sliding_dark.gif",
      },
      "walletProgressIconDone": "#FFFFFF",
      "walletProgressIconFill": "#e27226",
      "warningIcon": "#F1AA19",
      "warningText": "#F1AA19",
    }
  }
/>
`;
